// Jest Snapshot v1, https://goo.gl/fbAQLP

exports[`Pruebas en el search page debe de mostrarse correctamente con valores por defectos 1`] = `
<div>
  <h1>
    Search
  </h1>
  <hr />
  <div
    class="row"
  >
    <div
      class="col-4"
    >
      <h4>
        Searching
      </h4>
      <hr />
      <form
        aria-label="form"
      >
        <input
          autocomplete="off"
          name="searchText"
          placeholder="search a hero"
          type="text"
          value=""
        />
      </form>
      <button
        class="btn btn-outline-primary mt-1"
      >
        Search
      </button>
    </div>
    <div
      class="col-7"
    >
      <h4>
        Results
      </h4>
      <hr />
      <div
        class="alert alert-primary animate__animated animate__fadeIn"
      >
        Search a Hero
      </div>
      <div
        aria-label="alert-danger"
        class="alert alert-danger animate__animated animate__fadeIn"
        style="display: none;"
      >
        No hero with 
        <b />
      </div>
    </div>
  </div>
</div>
`;
